Êı¾İ±ê×¼»¯Ê§°Ü£º3 validation errors for AuditResult
problem_level
  Value error, ÎÊÌâµÈ¼¶±ØĞëÊÇ['Critical', 'Major', 'Minor', 'None']ÖĞµÄÒ»ÖÖ [type=value_error, input_value='', input_type=str]
    For further information visit https://errors.pydantic.dev/2.12/v/value_error
confidence
  Input should be a valid number, unable to parse string as a number [type=float_parsing, input_value='', input_type=str]
    For further information visit https://errors.pydantic.dev/2.12/v/float_parsing
impact_scope
  Value error, Ó°Ïì·¶Î§±ØĞëÊÇ['ºËĞÄ²¿·Ö', '·ÇºËĞÄ²¿·Ö', 'ÎŞÃ÷È··¶Î§']ÖĞµÄÒ»ÖÖ [type=value_error, input_value='', input_type=str]
    For further information visit https://errors.pydantic.dev/2.12/v/value_error£¬Ìø¹ı¸ÃÌõÊı¾İ
Êı¾İ±ê×¼»¯Ê§°Ü£º3 validation errors for AuditResult
problem_level
  Value error, ÎÊÌâµÈ¼¶±ØĞëÊÇ['Critical', 'Major', 'Minor', 'None']ÖĞµÄÒ»ÖÖ [type=value_error, input_value='', input_type=str]
    For further information visit https://errors.pydantic.dev/2.12/v/value_error
confidence
  Input should be a valid number, unable to parse string as a number [type=float_parsing, input_value='', input_type=str]
    For further information visit https://errors.pydantic.dev/2.12/v/float_parsing
impact_scope
  Value error, Ó°Ïì·¶Î§±ØĞëÊÇ['ºËĞÄ²¿·Ö', '·ÇºËĞÄ²¿·Ö', 'ÎŞÃ÷È··¶Î§']ÖĞµÄÒ»ÖÖ [type=value_error, input_value='', input_type=str]
    For further information visit https://errors.pydantic.dev/2.12/v/value_error£¬Ìø¹ı¸ÃÌõÊı¾İ
Êı¾İ±ê×¼»¯Ê§°Ü£º3 validation errors for AuditResult
problem_level
  Value error, ÎÊÌâµÈ¼¶±ØĞëÊÇ['Critical', 'Major', 'Minor', 'None']ÖĞµÄÒ»ÖÖ [type=value_error, input_value='', input_type=str]
    For further information visit https://errors.pydantic.dev/2.12/v/value_error
confidence
  Input should be a valid number, unable to parse string as a number [type=float_parsing, input_value='', input_type=str]
    For further information visit https://errors.pydantic.dev/2.12/v/float_parsing
impact_scope
  Value error, Ó°Ïì·¶Î§±ØĞëÊÇ['ºËĞÄ²¿·Ö', '·ÇºËĞÄ²¿·Ö', 'ÎŞÃ÷È··¶Î§']ÖĞµÄÒ»ÖÖ [type=value_error, input_value='', input_type=str]
    For further information visit https://errors.pydantic.dev/2.12/v/value_error£¬Ìø¹ı¸ÃÌõÊı¾İ
Êı¾İ±ê×¼»¯Ê§°Ü£º3 validation errors for AuditResult
problem_level
  Value error, ÎÊÌâµÈ¼¶±ØĞëÊÇ['Critical', 'Major', 'Minor', 'None']ÖĞµÄÒ»ÖÖ [type=value_error, input_value='', input_type=str]
    For further information visit https://errors.pydantic.dev/2.12/v/value_error
confidence
  Input should be a valid number, unable to parse string as a number [type=float_parsing, input_value='', input_type=str]
    For further information visit https://errors.pydantic.dev/2.12/v/float_parsing
impact_scope
  Value error, Ó°Ïì·¶Î§±ØĞëÊÇ['ºËĞÄ²¿·Ö', '·ÇºËĞÄ²¿·Ö', 'ÎŞÃ÷È··¶Î§']ÖĞµÄÒ»ÖÖ [type=value_error, input_value='', input_type=str]
    For further information visit https://errors.pydantic.dev/2.12/v/value_error£¬Ìø¹ı¸ÃÌõÊı¾İ
Êı¾İ±ê×¼»¯Ê§°Ü£º3 validation errors for AuditResult
problem_level
  Value error, ÎÊÌâµÈ¼¶±ØĞëÊÇ['Critical', 'Major', 'Minor', 'None']ÖĞµÄÒ»ÖÖ [type=value_error, input_value='', input_type=str]
    For further information visit https://errors.pydantic.dev/2.12/v/value_error
confidence
  Input should be a valid number, unable to parse string as a number [type=float_parsing, input_value='', input_type=str]
    For further information visit https://errors.pydantic.dev/2.12/v/float_parsing
impact_scope
  Value error, Ó°Ïì·¶Î§±ØĞëÊÇ['ºËĞÄ²¿·Ö', '·ÇºËĞÄ²¿·Ö', 'ÎŞÃ÷È··¶Î§']ÖĞµÄÒ»ÖÖ [type=value_error, input_value='', input_type=str]
    For further information visit https://errors.pydantic.dev/2.12/v/value_error£¬Ìø¹ı¸ÃÌõÊı¾İ
Êı¾İ±ê×¼»¯Ê§°Ü£º3 validation errors for AuditResult
problem_level
  Value error, ÎÊÌâµÈ¼¶±ØĞëÊÇ['Critical', 'Major', 'Minor', 'None']ÖĞµÄÒ»ÖÖ [type=value_error, input_value='', input_type=str]
    For further information visit https://errors.pydantic.dev/2.12/v/value_error
confidence
  Input should be a valid number, unable to parse string as a number [type=float_parsing, input_value='', input_type=str]
    For further information visit https://errors.pydantic.dev/2.12/v/float_parsing
impact_scope
  Value error, Ó°Ïì·¶Î§±ØĞëÊÇ['ºËĞÄ²¿·Ö', '·ÇºËĞÄ²¿·Ö', 'ÎŞÃ÷È··¶Î§']ÖĞµÄÒ»ÖÖ [type=value_error, input_value='', input_type=str]
    For further information visit https://errors.pydantic.dev/2.12/v/value_error£¬Ìø¹ı¸ÃÌõÊı¾İ

[1;31mGive Feedback / Get Help: https://github.com/BerriAI/litellm/issues/new[0m
LiteLLM.Info: If you need to debug this error, use `litellm._turn_on_debug()'.


ÂÛÎÄID: test_paper_001
×îÖÕµÃ·Ö: 63.9
ÆÀÉó½áÂÛ: ´æÔÚ¶à´¦ĞèÒª¹Ø×¢µÄÎÊÌâ£¬½¨ÒéĞŞ¸ÄºóÂ¼ÓÃ£¨Minor Revision with conditions£©
ÊÇ·ñĞèÒªÈË¹¤¸´ºË: False
